Archive member included to satisfy reference by file (symbol)

C:/Users/aslan/AppData/Local/stm32cube/bundles/gnu-tools-for-stm32/14.3.1+st.2/bin/../lib/gcc/arm-none-eabi/14.3.1/../../../../arm-none-eabi/lib/thumb/v7e-m+fp/hard\libc.a(libc_a-exit.o)
                              C:/Users/aslan/AppData/Local/stm32cube/bundles/gnu-tools-for-stm32/14.3.1+st.2/bin/../lib/gcc/arm-none-eabi/14.3.1/../../../../arm-none-eabi/lib/thumb/v7e-m+fp/hard/crt0.o (exit)
C:/Users/aslan/AppData/Local/stm32cube/bundles/gnu-tools-for-stm32/14.3.1+st.2/bin/../lib/gcc/arm-none-eabi/14.3.1/../../../../arm-none-eabi/lib/thumb/v7e-m+fp/hard\libc.a(libc_a-findfp.o)
                              C:/Users/aslan/AppData/Local/stm32cube/bundles/gnu-tools-for-stm32/14.3.1+st.2/bin/../lib/gcc/arm-none-eabi/14.3.1/../../../../arm-none-eabi/lib/thumb/v7e-m+fp/hard\libc.a(libc_a-exit.o) (__stdio_exit_handler)
C:/Users/aslan/AppData/Local/stm32cube/bundles/gnu-tools-for-stm32/14.3.1+st.2/bin/../lib/gcc/arm-none-eabi/14.3.1/../../../../arm-none-eabi/lib/thumb/v7e-m+fp/hard\libc.a(libc_a-fwalk.o)
                              C:/Users/aslan/AppData/Local/stm32cube/bundles/gnu-tools-for-stm32/14.3.1+st.2/bin/../lib/gcc/arm-none-eabi/14.3.1/../../../../arm-none-eabi/lib/thumb/v7e-m+fp/hard\libc.a(libc_a-findfp.o) (_fwalk_sglue)
C:/Users/aslan/AppData/Local/stm32cube/bundles/gnu-tools-for-stm32/14.3.1+st.2/bin/../lib/gcc/arm-none-eabi/14.3.1/../../../../arm-none-eabi/lib/thumb/v7e-m+fp/hard\libc.a(libc_a-stdio.o)
                              C:/Users/aslan/AppData/Local/stm32cube/bundles/gnu-tools-for-stm32/14.3.1+st.2/bin/../lib/gcc/arm-none-eabi/14.3.1/../../../../arm-none-eabi/lib/thumb/v7e-m+fp/hard\libc.a(libc_a-findfp.o) (__sread)
C:/Users/aslan/AppData/Local/stm32cube/bundles/gnu-tools-for-stm32/14.3.1+st.2/bin/../lib/gcc/arm-none-eabi/14.3.1/../../../../arm-none-eabi/lib/thumb/v7e-m+fp/hard\libc.a(libc_a-memset.o)
                              C:/Users/aslan/AppData/Local/stm32cube/bundles/gnu-tools-for-stm32/14.3.1+st.2/bin/../lib/gcc/arm-none-eabi/14.3.1/../../../../arm-none-eabi/lib/thumb/v7e-m+fp/hard/crt0.o (memset)
C:/Users/aslan/AppData/Local/stm32cube/bundles/gnu-tools-for-stm32/14.3.1+st.2/bin/../lib/gcc/arm-none-eabi/14.3.1/../../../../arm-none-eabi/lib/thumb/v7e-m+fp/hard\libc.a(libc_a-closer.o)
                              C:/Users/aslan/AppData/Local/stm32cube/bundles/gnu-tools-for-stm32/14.3.1+st.2/bin/../lib/gcc/arm-none-eabi/14.3.1/../../../../arm-none-eabi/lib/thumb/v7e-m+fp/hard\libc.a(libc_a-stdio.o) (_close_r)
C:/Users/aslan/AppData/Local/stm32cube/bundles/gnu-tools-for-stm32/14.3.1+st.2/bin/../lib/gcc/arm-none-eabi/14.3.1/../../../../arm-none-eabi/lib/thumb/v7e-m+fp/hard\libc.a(libc_a-reent.o)
                              C:/Users/aslan/AppData/Local/stm32cube/bundles/gnu-tools-for-stm32/14.3.1+st.2/bin/../lib/gcc/arm-none-eabi/14.3.1/../../../../arm-none-eabi/lib/thumb/v7e-m+fp/hard\libc.a(libc_a-closer.o) (errno)
C:/Users/aslan/AppData/Local/stm32cube/bundles/gnu-tools-for-stm32/14.3.1+st.2/bin/../lib/gcc/arm-none-eabi/14.3.1/../../../../arm-none-eabi/lib/thumb/v7e-m+fp/hard\libc.a(libc_a-impure.o)
                              C:/Users/aslan/AppData/Local/stm32cube/bundles/gnu-tools-for-stm32/14.3.1+st.2/bin/../lib/gcc/arm-none-eabi/14.3.1/../../../../arm-none-eabi/lib/thumb/v7e-m+fp/hard\libc.a(libc_a-reent.o) (_impure_ptr)
C:/Users/aslan/AppData/Local/stm32cube/bundles/gnu-tools-for-stm32/14.3.1+st.2/bin/../lib/gcc/arm-none-eabi/14.3.1/../../../../arm-none-eabi/lib/thumb/v7e-m+fp/hard\libc.a(libc_a-lseekr.o)
                              C:/Users/aslan/AppData/Local/stm32cube/bundles/gnu-tools-for-stm32/14.3.1+st.2/bin/../lib/gcc/arm-none-eabi/14.3.1/../../../../arm-none-eabi/lib/thumb/v7e-m+fp/hard\libc.a(libc_a-stdio.o) (_lseek_r)
C:/Users/aslan/AppData/Local/stm32cube/bundles/gnu-tools-for-stm32/14.3.1+st.2/bin/../lib/gcc/arm-none-eabi/14.3.1/../../../../arm-none-eabi/lib/thumb/v7e-m+fp/hard\libc.a(libc_a-readr.o)
                              C:/Users/aslan/AppData/Local/stm32cube/bundles/gnu-tools-for-stm32/14.3.1+st.2/bin/../lib/gcc/arm-none-eabi/14.3.1/../../../../arm-none-eabi/lib/thumb/v7e-m+fp/hard\libc.a(libc_a-stdio.o) (_read_r)
C:/Users/aslan/AppData/Local/stm32cube/bundles/gnu-tools-for-stm32/14.3.1+st.2/bin/../lib/gcc/arm-none-eabi/14.3.1/../../../../arm-none-eabi/lib/thumb/v7e-m+fp/hard\libc.a(libc_a-writer.o)
                              C:/Users/aslan/AppData/Local/stm32cube/bundles/gnu-tools-for-stm32/14.3.1+st.2/bin/../lib/gcc/arm-none-eabi/14.3.1/../../../../arm-none-eabi/lib/thumb/v7e-m+fp/hard\libc.a(libc_a-stdio.o) (_write_r)
C:/Users/aslan/AppData/Local/stm32cube/bundles/gnu-tools-for-stm32/14.3.1+st.2/bin/../lib/gcc/arm-none-eabi/14.3.1/../../../../arm-none-eabi/lib/thumb/v7e-m+fp/hard\libc.a(libc_a-init.o)
[...]
Memory Configuration

Name             Origin             Length             Attributes
CCMSRAM          0x10000000         0x00002800         xrw
RAM              0x20000000         0x00008000         xrw
FLASH            0x08000000         0x00020000         xr
*default*        0x00000000         0xffffffff

Linker script and memory map

LOAD C:/Users/aslan/AppData/Local/stm32cube/bundles/gnu-tools-for-stm32/14.3.1+st.2/bin/../lib/gcc/arm-none-eabi/14.3.1/thumb/v7e-m+fp/hard/crti.o
LOAD C:/Users/aslan/AppData/Local/stm32cube/bundles/gnu-tools-for-stm32/14.3.1+st.2/bin/../lib/gcc/arm-none-eabi/14.3.1/thumb/v7e-m+fp/hard/crtbegin.o
LOAD C:/Users/aslan/AppData/Local/stm32cube/bundles/gnu-tools-for-stm32/14.3.1+st.2/bin/../lib/gcc/arm-none-eabi/14.3.1/../../../../arm-none-eabi/lib/thumb/v7e-m+fp/hard/crt0.o
START GROUP
LOAD C:/Users/aslan/AppData/Local/stm32cube/bundles/gnu-tools-for-stm32/14.3.1+st.2/bin/../lib/gcc/arm-none-eabi/14.3.1/../../../../arm-none-eabi/lib/thumb/v7e-m+fp/hard\libc.a
LOAD C:/Users/aslan/AppData/Local/stm32cube/bundles/gnu-tools-for-stm32/14.3.1+st.2/bin/../lib/gcc/arm-none-eabi/14.3.1/../../../../arm-none-eabi/lib/thumb/v7e-m+fp/hard\libm.a
LOAD C:/Users/aslan/AppData/Local/stm32cube/bundles/gnu-tools-for-stm32/14.3.1+st.2/bin/../lib/gcc/arm-none-eabi/14.3.1/../../../../arm-none-eabi/lib/thumb/v7e-m+fp/hard\libstdc++.a
LOAD C:/Users/aslan/AppData/Local/stm32cube/bundles/gnu-tools-for-stm32/14.3.1+st.2/bin/../lib/gcc/arm-none-eabi/14.3.1/../../../../arm-none-eabi/lib/thumb/v7e-m+fp/hard\libsupc++.a
END GROUP
LOAD CMakeFiles/Gimbal_Control.dir/Src/syscall.c.obj
LOAD CMakeFiles/Gimbal_Control.dir/Src/sysmem.c.obj
LOAD CMakeFiles/Gimbal_Control.dir/Src/main.c.obj
LOAD CMakeFiles/Gimbal_Control.dir/Src/startup_stm32g431xx.S.obj
START GROUP
LOAD C:/Users/aslan/AppData/Local/stm32cube/bundles/gnu-tools-for-stm32/14.3.1+st.2/bin/../lib/gcc/arm-none-eabi/14.3.1/thumb/v7e-m+fp/hard\libgcc.a
LOAD C:/Users/aslan/AppData/Local/stm32cube/bundles/gnu-tools-for-stm32/14.3.1+st.2/bin/../lib/gcc/arm-none-eabi/14.3.1/../../../../arm-none-eabi/lib/thumb/v7e-m+fp/hard\libc.a
END GROUP
START GROUP
LOAD C:/Users/aslan/AppData/Local/stm32cube/bundles/gnu-tools-for-stm32/14.3.1+st.2/bin/../lib/gcc/arm-none-eabi/14.3.1/thumb/v7e-m+fp/hard\libgcc.a
LOAD C:/Users/aslan/AppData/Local/stm32cube/bundles/gnu-tools-for-stm32/14.3.1+st.2/bin/../lib/gcc/arm-none-eabi/14.3.1/../../../../arm-none-eabi/lib/thumb/v7e-m+fp/hard\libc.a
LOAD C:/Users/aslan/AppData/Local/stm32cube/bundles/gnu-tools-for-stm32/14.3.1+st.2/bin/../lib/gcc/arm-none-eabi/14.3.1/../../../../arm-none-eabi/lib/thumb/v7e-m+fp/hard\libnosys.a
END GROUP
LOAD C:/Users/aslan/AppData/Local/stm32cube/bundles/gnu-tools-for-stm32/14.3.1+st.2/bin/../lib/gcc/arm-none-eabi/14.3.1/thumb/v7e-m+fp/hard/crtend.o
LOAD C:/Users/aslan/AppData/Local/stm32cube/bundles/gnu-tools-for-stm32/14.3.1+st.2/bin/../lib/gcc/arm-none-eabi/14.3.1/thumb/v7e-m+fp/hard/crtn.o
                0x20008000                        _estack = (ORIGIN (RAM) + LENGTH (RAM))
                0x00000200                        _Min_Heap_Size = 0x200
                0x00000400                        _Min_Stack_Size = 0x400

.isr_vector     0x08000000      0x1d8
                0x08000000                        . = ALIGN (0x4)
 *(.isr_vector)
 .isr_vector    0x08000000      0x1d8 CMakeFiles/Gimbal_Control.dir/Src/startup_stm32g431xx.S.obj
                0x08000000                g_pfnVectors
                0x080001d8                        . = ALIGN (0x4)

.text           0x080001d8      0x3f4
                0x080001d8                        . = ALIGN (0x4)
 *(.text)
 .text          0x080001d8       0x40 C:/Users/aslan/AppData/Local/stm32cube/bundles/gnu-tools-for-stm32/14.3.1+st.2/bin/../lib/gcc/arm-none-eabi/14.3.1/thumb/v7e-m+fp/hard/crtbegin.o
 *(.text*)
 .text.__libc_init_array
                0x08000218       0x50 C:/Users/aslan/AppData/Local/stm32cube/bundles/gnu-tools-for-stm32/14.3.1+st.2/bin/../lib/gcc/arm-none-eabi/14.3.1/../../../../arm-none-eabi/lib/thumb/v7e-m+fp/hard\libc.a(libc_a-init.o)
                0x08000218                __libc_init_array
 .text.__retarget_lock_acquire_recursive
                0x08000268        0x4 C:/Users/aslan/AppData/Local/stm32cube/bundles/gnu-tools-for-stm32/14.3.1+st.2/bin/../lib/gcc/arm-none-eabi/14.3.1/../../../../arm-none-eabi/lib/thumb/v7e-m+fp/hard\libc.a(libc_a-lock.o)
                0x08000268                __retarget_lock_acquire_recursive
 .text.__retarget_lock_release_recursive
                0x0800026c        0x4 C:/Users/aslan/AppData/Local/stm32cube/bundles/gnu-tools-for-stm32/14.3.1+st.2/bin/../lib/gcc/arm-none-eabi/14.3.1/../../../../arm-none-eabi/lib/thumb/v7e-m+fp/hard\libc.a(libc_a-lock.o)
                0x0800026c                __retarget_lock_release_recursive
 .text.startup.register_fini
                0x08000270       0x14 C:/Users/aslan/AppData/Local/stm32cube/bundles/gnu-tools-for-stm32/14.3.1+st.2/bin/../lib/gcc/arm-none-eabi/14.3.1/../../../../arm-none-eabi/lib/thumb/v7e-m+fp/hard\libc.a(libc_a-__call_atexit.o)
 .text.atexit   0x08000284        0xc C:/Users/aslan/AppData/Local/stm32cube/bundles/gnu-tools-for-stm32/14.3.1+st.2/bin/../lib/gcc/arm-none-eabi/14.3.1/../../../../arm-none-eabi/lib/thumb/v7e-m+fp/hard\libc.a(libc_a-atexit.o)
                0x08000284                atexit
 .text.__libc_fini_array
                0x08000290       0x28 C:/Users/aslan/AppData/Local/stm32cube/bundles/gnu-tools-for-stm32/14.3.1+st.2/bin/../lib/gcc/arm-none-eabi/14.3.1/../../../../arm-none-eabi/lib/thumb/v7e-m+fp/hard\libc.a(libc_a-fini.o)
                0x08000290                __libc_fini_array
 .text.__register_exitproc
                0x080002b8       0x80 C:/Users/aslan/AppData/Local/stm32cube/bundles/gnu-tools-for-stm32/14.3.1+st.2/bin/../lib/gcc/arm-none-eabi/14.3.1/../../../../arm-none-eabi/lib/thumb/v7e-m+fp/hard\libc.a(libc_a-__atexit.o)
                0x080002b8                __register_exitproc
 .text.Complementary_Filter
                0x08000338       0x64 CMakeFiles/Gimbal_Control.dir/Src/main.c.obj
                0x08000338                Complementary_Filter
 .text.PID_Compute
                0x0800039c       0xba CMakeFiles/Gimbal_Control.dir/Src/main.c.obj
                0x0800039c                PID_Compute
 *fill*         0x08000456        0x2 
 .text.Set_Motor_PWM
                0x08000458       0x3c CMakeFiles/Gimbal_Control.dir/Src/main.c.obj
                0x08000458                Set_Motor_PWM
 .text.main     0x08000494       0xcc CMakeFiles/Gimbal_Control.dir/Src/main.c.obj
                0x08000494                main
 .text.Reset_Handler
                0x08000560       0x50 CMakeFiles/Gimbal_Control.dir/Src/startup_stm32g431xx.S.obj
                0x08000560                Reset_Handler
 .text.Default_Handler
                0x080005b0        0x2 CMakeFiles/Gimbal_Control.dir/Src/startup_stm32g431xx.S.obj
                0x080005b0                EXTI2_IRQHandler
                0x080005b0                TIM8_TRG_COM_IRQHandler
                0x080005b0                TIM8_CC_IRQHandler
                0x080005b0                DebugMon_Handler
                0x080005b0                DMA1_CH4_IRQHandler
                0x080005b0                TIM1_CC_IRQHandler
                0x080005b0                Cordic_IRQHandler
                0x080005b0                HardFault_Handler
                0x080005b0                USB_HP_IRQHandler
                0x080005b0                SysTick_Handler
                0x080005b0                PendSV_Handler
                0x080005b0                NMI_Handler
                0x080005b0                EXTI3_IRQHandler
                0x080005b0                I2C3_ER_IRQHandler
                0x080005b0                TIM6_DACUNDER_IRQHandler
                0x080005b0                EXTI0_IRQHandler
                0x080005b0                I2C2_EV_IRQHandler
                0x080005b0                DMA2_CH1_IRQHandler
                0x080005b0                FPU_IRQHandler
                0x080005b0                FDCAN1_IT1_IRQHandler
                0x080005b0                TIM1_UP_TIM16_IRQHandler
                0x080005b0                UsageFault_Handler
                0x080005b0                ADC1_2_IRQHandler
                0x080005b0                SPI1_IRQHandler
                0x080005b0                TIM8_UP_IRQHandler
                0x080005b0                USBWakeUP_IRQHandler
                0x080005b0                RTC_ALARM_IRQHandler
                0x080005b0                DMA1_CH6_IRQHandler
                0x080005b0                TIM20_TRG_COM_IRQHandler
                0x080005b0                USART3_IRQHandler
                0x080005b0                LPUART_IRQHandler
                0x080005b0                TIM4_IRQHandler
                0x080005b0                I2C1_EV_IRQHandler
                0x080005b0                DMA2_CH5_IRQHandler
                0x080005b0                UART4_IRQHandler
                0x080005b0                DMA1_CH3_IRQHandler
                0x080005b0                TIM3_IRQHandler
                0x080005b0                RCC_IRQHandler
                0x080005b0                TIM20_UP_IRQHandler
                0x080005b0                TIM1_TRG_COM_IRQHandler
                0x080005b0                Default_Handler
                0x080005b0                FMAC_IRQHandler
                0x080005b0                EXTI15_10_IRQHandler
                0x080005b0                TIM7_IRQHandler
                0x080005b0                UCPD1_IRQHandler
                0x080005b0                I2C3_EV_IRQHandler
                0x080005b0                EXTI9_5_IRQHandler
                0x080005b0                DMA1_CH2_IRQHandler
                0x080005b0                RTC_WKUP_IRQHandler
                0x080005b0                SAI_IRQHandler
                0x080005b0                PVD_PVM_IRQHandler
                0x080005b0                SPI2_IRQHandler
                0x080005b0                DMA1_CH1_IRQHandler
                0x080005b0                MemManage_Handler
                0x080005b0                SVC_Handler
                0x080005b0                CRS_IRQHandler
                0x080005b0                USB_LP_IRQHandler
                0x080005b0                EXTI4_IRQHandler
                0x080005b0                RNG_IRQHandler
                0x080005b0                WWDG_IRQHandler
                0x080005b0                FDCAN1_IT0_IRQHandler
                0x080005b0                TIM2_IRQHandler
                0x080005b0                COMP7_IRQHandler
                0x080005b0                COMP1_2_3_IRQHandler
                0x080005b0                EXTI1_IRQHandler
                0x080005b0                AES_IRQHandler
                0x080005b0                USART2_IRQHandler
                0x080005b0                COMP4_5_6_IRQHandler
                0x080005b0                TIM20_BRK_IRQHandler
                0x080005b0                I2C2_ER_IRQHandler
                0x080005b0                TIM8_BRK_IRQHandler
                0x080005b0                FLASH_IRQHandler
                0x080005b0                TIM20_CC_IRQHandler
                0x080005b0                BusFault_Handler
                0x080005b0                USART1_IRQHandler
                0x080005b0                SPI3_IRQHandler
                0x080005b0                DMA2_CH6_IRQHandler
                0x080005b0                DMA2_CH3_IRQHandler
                0x080005b0                DMA2_CH2_IRQHandler
                0x080005b0                I2C1_ER_IRQHandler
                0x080005b0                DMA1_CH5_IRQHandler
                0x080005b0                DMA2_CH4_IRQHandler
                0x080005b0                LPTIM1_IRQHandler
                0x080005b0                DMAMUX_OVR_IRQHandler
                0x080005b0                RTC_TAMP_CSS_LSE_IRQHandler
                0x080005b0                TIM1_BRK_TIM15_IRQHandler
 *(.glue_7)
 .glue_7        0x080005b2        0x0 linker stubs
 *(.glue_7t)
 .glue_7t       0x080005b2        0x0 linker stubs
 *(.eh_frame)
 *fill*         0x080005b2        0x2 
 .eh_frame      0x080005b4        0x0 C:/Users/aslan/AppData/Local/stm32cube/bundles/gnu-tools-for-stm32/14.3.1+st.2/bin/../lib/gcc/arm-none-eabi/14.3.1/thumb/v7e-m+fp/hard/crtbegin.o
 *(.init)
 .init          0x080005b4        0x4 C:/Users/aslan/AppData/Local/stm32cube/bundles/gnu-tools-for-stm32/14.3.1+st.2/bin/../lib/gcc/arm-none-eabi/14.3.1/thumb/v7e-m+fp/hard/crti.o
                0x080005b4                _init
 .init          0x080005b8        0x8 C:/Users/aslan/AppData/Local/stm32cube/bundles/gnu-tools-for-stm32/14.3.1+st.2/bin/../lib/gcc/arm-none-eabi/14.3.1/thumb/v7e-m+fp/hard/crtn.o
 *(.fini)
 .fini          0x080005c0        0x4 C:/Users/aslan/AppData/Local/stm32cube/bundles/gnu-tools-for-stm32/14.3.1+st.2/bin/../lib/gcc/arm-none-eabi/14.3.1/thumb/v7e-m+fp/hard/crti.o
                0x080005c0                _fini
 .fini          0x080005c4        0x8 C:/Users/aslan/AppData/Local/stm32cube/bundles/gnu-tools-for-stm32/14.3.1+st.2/bin/../lib/gcc/arm-none-eabi/14.3.1/thumb/v7e-m+fp/hard/crtn.o
                0x080005cc                        . = ALIGN (0x4)
                0x080005cc                        _etext = .

.vfp11_veneer   0x080005cc        0x0
 .vfp11_veneer  0x080005cc        0x0 linker stubs

.v4_bx          0x080005cc        0x0
 .v4_bx         0x080005cc        0x0 linker stubs

.iplt           0x080005cc        0x0
 .iplt          0x080005cc        0x0 C:/Users/aslan/AppData/Local/stm32cube/bundles/gnu-tools-for-stm32/14.3.1+st.2/bin/../lib/gcc/arm-none-eabi/14.3.1/thumb/v7e-m+fp/hard/crtbegin.o

.rodata         0x080005cc        0x0
                0x080005cc                        . = ALIGN (0x4)
 *(.rodata)
 *(.rodata*)
                0x080005cc                        . = ALIGN (0x4)

.ARM.extab      0x080005cc        0x0
                0x080005cc                        . = ALIGN (0x4)
 *(.ARM.extab* .gnu.linkonce.armextab.*)
                0x080005cc                        . = ALIGN (0x4)

.ARM            0x080005cc        0x0
                0x080005cc                        . = ALIGN (0x4)
                0x080005cc                        __exidx_start = .
 *(.ARM.exidx*)
                0x080005cc                        __exidx_end = .
                0x080005cc                        . = ALIGN (0x4)

.preinit_array  0x080005cc        0x0
                0x080005cc                        . = ALIGN (0x4)
                0x080005cc                        PROVIDE (__preinit_array_start = .)
 *(.preinit_array*)
                0x080005cc                        PROVIDE (__preinit_array_end = .)
                0x080005cc                        . = ALIGN (0x4)

.init_array     0x080005cc        0x8
                0x080005cc                        . = ALIGN (0x4)
                0x080005cc                        PROVIDE (__init_array_start = .)
 *(SORT_BY_NAME(.init_array.*))
 .init_array.00000
                0x080005cc        0x4 C:/Users/aslan/AppData/Local/stm32cube/bundles/gnu-tools-for-stm32/14.3.1+st.2/bin/../lib/gcc/arm-none-eabi/14.3.1/../../../../arm-none-eabi/lib/thumb/v7e-m+fp/hard\libc.a(libc_a-__call_atexit.o)
 *(.init_array*)
 .init_array    0x080005d0        0x4 C:/Users/aslan/AppData/Local/stm32cube/bundles/gnu-tools-for-stm32/14.3.1+st.2/bin/../lib/gcc/arm-none-eabi/14.3.1/thumb/v7e-m+fp/hard/crtbegin.o
                0x080005d4                        PROVIDE (__init_array_end = .)
                0x080005d4                        . = ALIGN (0x4)

.fini_array     0x080005d4        0x4
                0x080005d4                        . = ALIGN (0x4)
                0x080005d4                        PROVIDE (__fini_array_start = .)
 *(SORT_BY_NAME(.fini_array.*))
 *(.fini_array*)
 .fini_array    0x080005d4        0x4 C:/Users/aslan/AppData/Local/stm32cube/bundles/gnu-tools-for-stm32/14.3.1+st.2/bin/../lib/gcc/arm-none-eabi/14.3.1/thumb/v7e-m+fp/hard/crtbegin.o
                0x080005d8                        PROVIDE (__fini_array_end = .)
                0x080005d8                        . = ALIGN (0x4)
                0x080005d8                        _sidata = LOADADDR (.data)

.rel.dyn        0x080005d8        0x0
 .rel.iplt      0x080005d8        0x0 C:/Users/aslan/AppData/Local/stm32cube/bundles/gnu-tools-for-stm32/14.3.1+st.2/bin/../lib/gcc/arm-none-eabi/14.3.1/thumb/v7e-m+fp/hard/crtbegin.o

.data           0x20000000       0x1c load address 0x080005d8
                0x20000000                        _sdata = .
 *(.data)
 *(.data*)
 .data.__atexit_recursive_mutex
                0x20000000        0x4 C:/Users/aslan/AppData/Local/stm32cube/bundles/gnu-tools-for-stm32/14.3.1+st.2/bin/../lib/gcc/arm-none-eabi/14.3.1/../../../../arm-none-eabi/lib/thumb/v7e-m+fp/hard\libc.a(libc_a-__call_atexit.o)
                0x20000000                __atexit_recursive_mutex
 .data.pitch_pid
                0x20000004       0x14 CMakeFiles/Gimbal_Control.dir/Src/main.c.obj
                0x20000004                pitch_pid
 .data.dt       0x20000018        0x4 CMakeFiles/Gimbal_Control.dir/Src/main.c.obj
                0x20000018                dt
 *(.RamFunc)
 *(.RamFunc*)
                0x2000001c                        . = ALIGN (0x4)

.igot.plt       0x2000001c        0x0 load address 0x080005f4
 .igot.plt      0x2000001c        0x0 C:/Users/aslan/AppData/Local/stm32cube/bundles/gnu-tools-for-stm32/14.3.1+st.2/bin/../lib/gcc/arm-none-eabi/14.3.1/thumb/v7e-m+fp/hard/crtbegin.o

.tdata          0x2000001c        0x0 load address 0x080005f4
 *(.tdata .tdata.* .gnu.linkonce.td.*)
                0x2000001c                        . = ALIGN (0x4)
                0x2000001c                        _edata = .
                [!provide]                        PROVIDE (__data_end = .)
                [!provide]                        PROVIDE (__tdata_end = .)
                [!provide]                        PROVIDE (__tdata_start = ADDR (.tdata))
                [!provide]                        PROVIDE (__tdata_size = (__tdata_end - __tdata_start))
                [!provide]                        PROVIDE (__data_start = ADDR (.data))
                [!provide]                        PROVIDE (__data_size = (__data_end - __data_start))
                [!provide]                        PROVIDE (__tdata_source = LOADADDR (.tdata))
                [!provide]                        PROVIDE (__tdata_source_end = (LOADADDR (.tdata) + SIZEOF (.tdata)))
                [!provide]                        PROVIDE (__tdata_source_size = (__tdata_source_end - __tdata_source))
                [!provide]                        PROVIDE (__data_source = LOADADDR (.data))
                [!provide]                        PROVIDE (__data_source_end = __tdata_source_end)
                [!provide]                        PROVIDE (__data_source_size = (__data_source_end - __data_source))

.tbss           0x2000001c        0x0 load address 0x080005f4
                0x2000001c                        _sbss = .
                0x2000001c                        __bss_start__ = _sbss
                [!provide]                        PROVIDE (__bss_start = .)
 *(.tbss .tbss.*)
                0x2000001c                        . = ALIGN (0x4)
                [!provide]                        PROVIDE (__tbss_end = .)
                [!provide]                        PROVIDE (__tbss_start = ADDR (.tbss))
                [!provide]                        PROVIDE (__tbss_size = (__tbss_end - __tbss_start))
                [!provide]                        PROVIDE (__tbss_offset = (ADDR (.tbss) - ADDR (.tdata)))
                [!provide]                        PROVIDE (__tls_base = __tdata_start)
                [!provide]                        PROVIDE (__tls_end = __tbss_end)
                [!provide]                        PROVIDE (__tls_size = (__tls_end - __tls_base))
                [!provide]                        PROVIDE (__tls_align = MAX (ALIGNOF (.tdata), ALIGNOF (.tbss)))
                [!provide]                        PROVIDE (__tls_size_align = (((__tls_size + __tls_align) - 0x1) & ~ ((__tls_align - 0x1))))
                [!provide]                        PROVIDE (__arm32_tls_tcb_offset = MAX (0x8, __tls_align))
                [!provide]                        PROVIDE (__arm64_tls_tcb_offset = MAX (0x10, __tls_align))

.bss            0x2000001c      0x1bc load address 0x080005f4
 *(.bss)
 .bss           0x2000001c       0x1c C:/Users/aslan/AppData/Local/stm32cube/bundles/gnu-tools-for-stm32/14.3.1+st.2/bin/../lib/gcc/arm-none-eabi/14.3.1/thumb/v7e-m+fp/hard/crtbegin.o
 *(.bss*)
 .bss.__lock___atexit_recursive_mutex
                0x20000038        0x1 C:/Users/aslan/AppData/Local/stm32cube/bundles/gnu-tools-for-stm32/14.3.1+st.2/bin/../lib/gcc/arm-none-eabi/14.3.1/../../../../arm-none-eabi/lib/thumb/v7e-m+fp/hard\libc.a(libc_a-lock.o)
                0x20000038                __lock___atexit_recursive_mutex
 *fill*         0x20000039        0x3 
 .bss.__atexit  0x2000003c        0x4 C:/Users/aslan/AppData/Local/stm32cube/bundles/gnu-tools-for-stm32/14.3.1+st.2/bin/../lib/gcc/arm-none-eabi/14.3.1/../../../../arm-none-eabi/lib/thumb/v7e-m+fp/hard\libc.a(libc_a-__call_atexit.o)
                0x2000003c                __atexit
 .bss.__atexit0
                0x20000040      0x190 C:/Users/aslan/AppData/Local/stm32cube/bundles/gnu-tools-for-stm32/14.3.1+st.2/bin/../lib/gcc/arm-none-eabi/14.3.1/../../../../arm-none-eabi/lib/thumb/v7e-m+fp/hard\libc.a(libc_a-__atexit.o)
                0x20000040                __atexit0
 .bss.target_angle
                0x200001d0        0x4 CMakeFiles/Gimbal_Control.dir/Src/main.c.obj
                0x200001d0                target_angle
 .bss.current_angle
                0x200001d4        0x4 CMakeFiles/Gimbal_Control.dir/Src/main.c.obj
                0x200001d4                current_angle
 *(COMMON)
                0x200001d8                        . = ALIGN (0x4)
                0x200001d8                        _ebss = .
                0x200001d8                        __bss_end__ = _ebss
                [!provide]                        PROVIDE (__bss_end = .)
                [!provide]                        PROVIDE (__bss_size = (__bss_end - __bss_start))
                [!provide]                        PROVIDE (__non_tls_bss_start = ADDR (.bss))
                0x080005f4                        _siccmsram = LOADADDR (.ccmsram)

.ccmsram        0x10000000        0x0 load address 0x080005f4
                0x10000000                        . = ALIGN (0x4)
                0x10000000                        _sccmsram = .
 *(.ccmsram)
 *(.ccmsram*)
                0x10000000                        . = ALIGN (0x4)
                0x10000000                        _eccmsram = .

._user_heap_stack
                0x200001d8      0x600
                0x200001d8                        . = ALIGN (0x8)
                [!provide]                        PROVIDE (end = .)
                0x200001d8                        PROVIDE (_end = .)
                0x200003d8                        . = (. + _Min_Heap_Size)
 *fill*         0x200001d8      0x200 
                0x200007d8                        . = (. + _Min_Stack_Size)
 *fill*         0x200003d8      0x400 
                0x200007d8                        . = ALIGN (0x8)

/DISCARD/
 libc.a:*(*)
 libm.a:*(*)
 libgcc.a:*(*)

.ARM.attributes
                0x00000000       0x30
 *(.ARM.attributes)
 .ARM.attributes
                0x00000000       0x22 C:/Users/aslan/AppData/Local/stm32cube/bundles/gnu-tools-for-stm32/14.3.1+st.2/bin/../lib/gcc/arm-none-eabi/14.3.1/thumb/v7e-m+fp/hard/crti.o
 .ARM.attributes
                0x00000022       0x34 C:/Users/aslan/AppData/Local/stm32cube/bundles/gnu-tools-for-stm32/14.3.1+st.2/bin/../lib/gcc/arm-none-eabi/14.3.1/thumb/v7e-m+fp/hard/crtbegin.o
 .ARM.attributes
                0x00000056       0x34 C:/Users/aslan/AppData/Local/stm32cube/bundles/gnu-tools-for-stm32/14.3.1+st.2/bin/../lib/gcc/arm-none-eabi/14.3.1/../../../../arm-none-eabi/lib/thumb/v7e-m+fp/hard\libc.a(libc_a-init.o)
 .ARM.attributes
                0x0000008a       0x34 C:/Users/aslan/AppData/Local/stm32cube/bundles/gnu-tools-for-stm32/14.3.1+st.2/bin/../lib/gcc/arm-none-eabi/14.3.1/../../../../arm-none-eabi/lib/thumb/v7e-m+fp/hard\libc.a(libc_a-lock.o)
 .ARM.attributes
                0x000000be       0x34 C:/Users/aslan/AppData/Local/stm32cube/bundles/gnu-tools-for-stm32/14.3.1+st.2/bin/../lib/gcc/arm-none-eabi/14.3.1/../../../../arm-none-eabi/lib/thumb/v7e-m+fp/hard\libc.a(libc_a-__call_atexit.o)
 .ARM.attributes
                0x000000f2       0x34 C:/Users/aslan/AppData/Local/stm32cube/bundles/gnu-tools-for-stm32/14.3.1+st.2/bin/../lib/gcc/arm-none-eabi/14.3.1/../../../../arm-none-eabi/lib/thumb/v7e-m+fp/hard\libc.a(libc_a-atexit.o)
 .ARM.attributes
                0x00000126       0x34 C:/Users/aslan/AppData/Local/stm32cube/bundles/gnu-tools-for-stm32/14.3.1+st.2/bin/../lib/gcc/arm-none-eabi/14.3.1/../../../../arm-none-eabi/lib/thumb/v7e-m+fp/hard\libc.a(libc_a-fini.o)
 .ARM.attributes
                0x0000015a       0x34 C:/Users/aslan/AppData/Local/stm32cube/bundles/gnu-tools-for-stm32/14.3.1+st.2/bin/../lib/gcc/arm-none-eabi/14.3.1/../../../../arm-none-eabi/lib/thumb/v7e-m+fp/hard\libc.a(libc_a-__atexit.o)
 .ARM.attributes
                0x0000018e       0x34 CMakeFiles/Gimbal_Control.dir/Src/main.c.obj
 .ARM.attributes
                0x000001c2       0x21 CMakeFiles/Gimbal_Control.dir/Src/startup_stm32g431xx.S.obj
 .ARM.attributes
                0x000001e3       0x22 C:/Users/aslan/AppData/Local/stm32cube/bundles/gnu-tools-for-stm32/14.3.1+st.2/bin/../lib/gcc/arm-none-eabi/14.3.1/thumb/v7e-m+fp/hard/crtn.o
OUTPUT(Gimbal_Control.elf elf32-littlearm)
LOAD linker stubs

.debug_frame    0x00000000      0x25c
 .debug_frame   0x00000000       0x2c C:/Users/aslan/AppData/Local/stm32cube/bundles/gnu-tools-for-stm32/14.3.1+st.2/bin/../lib/gcc/arm-none-eabi/14.3.1/../../../../arm-none-eabi/lib/thumb/v7e-m+fp/hard\libc.a(libc_a-init.o)
 .debug_frame   0x0000002c       0xb0 C:/Users/aslan/AppData/Local/stm32cube/bundles/gnu-tools-for-stm32/14.3.1+st.2/bin/../lib/gcc/arm-none-eabi/14.3.1/../../../../arm-none-eabi/lib/thumb/v7e-m+fp/hard\libc.a(libc_a-lock.o)
 .debug_frame   0x000000dc       0x5c C:/Users/aslan/AppData/Local/stm32cube/bundles/gnu-tools-for-stm32/14.3.1+st.2/bin/../lib/gcc/arm-none-eabi/14.3.1/../../../../arm-none-eabi/lib/thumb/v7e-m+fp/hard\libc.a(libc_a-__call_atexit.o)
 .debug_frame   0x00000138       0x20 C:/Users/aslan/AppData/Local/stm32cube/bundles/gnu-tools-for-stm32/14.3.1+st.2/bin/../lib/gcc/arm-none-eabi/14.3.1/../../../../arm-none-eabi/lib/thumb/v7e-m+fp/hard\libc.a(libc_a-atexit.o)
 .debug_frame   0x00000158       0x34 C:/Users/aslan/AppData/Local/stm32cube/bundles/gnu-tools-for-stm32/14.3.1+st.2/bin/../lib/gcc/arm-none-eabi/14.3.1/../../../../arm-none-eabi/lib/thumb/v7e-m+fp/hard\libc.a(libc_a-fini.o)
 .debug_frame   0x0000018c       0x34 C:/Users/aslan/AppData/Local/stm32cube/bundles/gnu-tools-for-stm32/14.3.1+st.2/bin/../lib/gcc/arm-none-eabi/14.3.1/../../../../arm-none-eabi/lib/thumb/v7e-m+fp/hard\libc.a(libc_a-__atexit.o)
 .debug_frame   0x000001c0       0x9c CMakeFiles/Gimbal_Control.dir/Src/main.c.obj

.debug_info     0x00000000      0x339
 .debug_info    0x00000000      0x309 CMakeFiles/Gimbal_Control.dir/Src/main.c.obj
 .debug_info    0x00000309       0x30 CMakeFiles/Gimbal_Control.dir/Src/startup_stm32g431xx.S.obj

.debug_abbrev   0x00000000      0x18b
 .debug_abbrev  0x00000000      0x167 CMakeFiles/Gimbal_Control.dir/Src/main.c.obj
 .debug_abbrev  0x00000167       0x24 CMakeFiles/Gimbal_Control.dir/Src/startup_stm32g431xx.S.obj

.debug_aranges  0x00000000       0x60
 .debug_aranges
                0x00000000       0x38 CMakeFiles/Gimbal_Control.dir/Src/main.c.obj
 .debug_aranges
                0x00000038       0x28 CMakeFiles/Gimbal_Control.dir/Src/startup_stm32g431xx.S.obj

.debug_rnglists
                0x00000000       0x40
 .debug_rnglists
                0x00000000       0x27 CMakeFiles/Gimbal_Control.dir/Src/main.c.obj
 .debug_rnglists
                0x00000027       0x19 CMakeFiles/Gimbal_Control.dir/Src/startup_stm32g431xx.S.obj

.debug_macro    0x00000000      0x440
 .debug_macro   0x00000000      0x152 CMakeFiles/Gimbal_Control.dir/Src/main.c.obj
 .debug_macro   0x00000152       0x8e CMakeFiles/Gimbal_Control.dir/Src/main.c.obj
 .debug_macro   0x000001e0       0x51 CMakeFiles/Gimbal_Control.dir/Src/main.c.obj
 .debug_macro   0x00000231       0x74 CMakeFiles/Gimbal_Control.dir/Src/main.c.obj
 .debug_macro   0x000002a5      0x19b CMakeFiles/Gimbal_Control.dir/Src/main.c.obj

.debug_line     0x00000000      0x4f5
 .debug_line    0x00000000      0x47a CMakeFiles/Gimbal_Control.dir/Src/main.c.obj
 .debug_line    0x0000047a       0x7b CMakeFiles/Gimbal_Control.dir/Src/startup_stm32g431xx.S.obj

.debug_str      0x00000000     0x7614
 .debug_str     0x00000000     0x7614 CMakeFiles/Gimbal_Control.dir/Src/main.c.obj
                               0x77b5 (size before relaxing)
 .debug_str     0x00007614       0xc0 CMakeFiles/Gimbal_Control.dir/Src/startup_stm32g431xx.S.obj

.comment        0x00000000       0x43
 .comment       0x00000000       0x43 CMakeFiles/Gimbal_Control.dir/Src/main.c.obj
                                 0x44 (size before relaxing)

.debug_line_str
                0x00000000       0xa4
 .debug_line_str
                0x00000000       0xa4 CMakeFiles/Gimbal_Control.dir/Src/startup_stm32g431xx.S.obj
